C:\Baseline_9_Working_Folder\K-Fall09-Working_Copy\implementation\system.ngc 1266346340
C:/Baseline_9_Working_Folder/K-Fall09-Working_Copy/implementation/clock_reset_block_wrapper.ngc 1266341686
C:/Baseline_9_Working_Folder/K-Fall09-Working_Copy/implementation/ppc405_i_wrapper.ngc 1266341697
C:/Baseline_9_Working_Folder/K-Fall09-Working_Copy/implementation/plb_bus_wrapper.ngc 1266341722
C:/Baseline_9_Working_Folder/K-Fall09-Working_Copy/implementation/plb_ddr_controller_i_wrapper.ngc 1266346139
C:/Baseline_9_Working_Folder/K-Fall09-Working_Copy/implementation/plb_bram_if_cntlr_i_wrapper.ngc 1266341774
C:/Baseline_9_Working_Folder/K-Fall09-Working_Copy/implementation/bram_wrapper.ngc 1266341783
C:/Baseline_9_Working_Folder/K-Fall09-Working_Copy/implementation/plb2opb_bridge_i_wrapper.ngc 1266341808
C:/Baseline_9_Working_Folder/K-Fall09-Working_Copy/implementation/opb_bus_wrapper.ngc 1266341821
C:/Baseline_9_Working_Folder/K-Fall09-Working_Copy/implementation/ap1000_interrupt_interface_i_wrapper.ngc 1266341830
C:/Baseline_9_Working_Folder/K-Fall09-Working_Copy/implementation/opb_intc_i_wrapper.ngc 1266346141
C:/Baseline_9_Working_Folder/K-Fall09-Working_Copy/implementation/rs232_1_wrapper.ngc 1266341854
C:/Baseline_9_Working_Folder/K-Fall09-Working_Copy/implementation/opbslave_ext_bridge_i_wrapper.ngc 1266341871
C:/Baseline_9_Working_Folder/K-Fall09-Working_Copy/implementation/plb_psb_bridge_i_wrapper.ngc 1266341926
C:/Baseline_9_Working_Folder/K-Fall09-Working_Copy/implementation/dcr_bus_wrapper.ngc 1266341935
C:/Baseline_9_Working_Folder/K-Fall09-Working_Copy/implementation/ppc405_ppcjtag_chain_wrapper.ngc 1266341945
C:/Baseline_9_Working_Folder/K-Fall09-Working_Copy/implementation/jtagppc_0_wrapper.ngc 1266341954
C:/Baseline_9_Working_Folder/K-Fall09-Working_Copy/implementation/plb_emc_0_wrapper.ngc 1266341975
C:/Baseline_9_Working_Folder/K-Fall09-Working_Copy/implementation/opb_gpio_0_wrapper.ngc 1266341987
C:/Baseline_9_Working_Folder/K-Fall09-Working_Copy/implementation/opb_timer_0_wrapper.ngc 1266342006
C:/Baseline_9_Working_Folder/K-Fall09-Working_Copy/implementation/hwrtos_0_wrapper.ngc 1266346134
OK
