C:\Baseline_9_Working_Folder\K-new-base\implementation\system.ngc 1244047725
C:/Baseline_9_Working_Folder/K-new-base/implementation/clock_reset_block_wrapper.ngc 1244047267
C:/Baseline_9_Working_Folder/K-new-base/implementation/ppc405_i_wrapper.ngc 1244047277
C:/Baseline_9_Working_Folder/K-new-base/implementation/plb_bus_wrapper.ngc 1244047301
C:/Baseline_9_Working_Folder/K-new-base/implementation/plb_ddr_controller_i_wrapper.ngc 1244047638
C:/Baseline_9_Working_Folder/K-new-base/implementation/plb_bram_if_cntlr_i_wrapper.ngc 1244047350
C:/Baseline_9_Working_Folder/K-new-base/implementation/bram_wrapper.ngc 1244047360
C:/Baseline_9_Working_Folder/K-new-base/implementation/plb2opb_bridge_i_wrapper.ngc 1244047383
C:/Baseline_9_Working_Folder/K-new-base/implementation/opb_bus_wrapper.ngc 1244047395
C:/Baseline_9_Working_Folder/K-new-base/implementation/ap1000_interrupt_interface_i_wrapper.ngc 1244047403
C:/Baseline_9_Working_Folder/K-new-base/implementation/opb_intc_i_wrapper.ngc 1244047641
C:/Baseline_9_Working_Folder/K-new-base/implementation/rs232_1_wrapper.ngc 1244047426
C:/Baseline_9_Working_Folder/K-new-base/implementation/opbslave_ext_bridge_i_wrapper.ngc 1244047442
C:/Baseline_9_Working_Folder/K-new-base/implementation/plb_psb_bridge_i_wrapper.ngc 1244047497
C:/Baseline_9_Working_Folder/K-new-base/implementation/dcr_bus_wrapper.ngc 1244047506
C:/Baseline_9_Working_Folder/K-new-base/implementation/ppc405_ppcjtag_chain_wrapper.ngc 1244047516
C:/Baseline_9_Working_Folder/K-new-base/implementation/jtagppc_0_wrapper.ngc 1244047524
C:/Baseline_9_Working_Folder/K-new-base/implementation/plb_emc_0_wrapper.ngc 1244047545
C:/Baseline_9_Working_Folder/K-new-base/implementation/opb_gpio_0_wrapper.ngc 1244047557
C:/Baseline_9_Working_Folder/K-new-base/implementation/opb_timer_0_wrapper.ngc 1244047576
C:/Baseline_9_Working_Folder/K-new-base/implementation/hwrtos_0_wrapper.ngc 1244047635
OK
